// Vitest Snapshot v1, https://vitest.dev/guide/snapshot.html

exports[`Alert Components > should render Alert correctly 1`] = `
<div>
  <div
    class="relative w-full rounded-lg border p-4 [&>svg~*]:pl-7 [&>svg+div]:translate-y-[-3px] [&>svg]:absolute [&>svg]:left-4 [&>svg]:top-4 [&>svg]:text-foreground bg-background text-foreground"
    role="alert"
  >
    <div>
      Alert content
    </div>
  </div>
</div>
`;
