// Vitest Snapshot v1, https://vitest.dev/guide/snapshot.html

exports[`Avatar Components > should render Avatar correctly 1`] = `
<div>
  <span
    class="relative flex h-10 w-10 shrink-0 overflow-hidden rounded-full"
  >
    <span
      class="flex h-full w-full items-center justify-center rounded-full bg-muted"
    >
      AB
    </span>
  </span>
</div>
`;
